// Jest Snapshot v1, https://goo.gl/fbAQLP

exports[`footer should render the footer 1`] = `
"<footer role=\\"contentinfo\\" data-test-id=\\"footer\\" class=\\"bc-bg--grey-4\\">
    <div class=\\"nhsuk-footer\\" id=\\"nhsuk-footer\\">
      <div class=\\"nhsuk-width-container\\">
        <h2 class=\\"nhsuk-u-visually-hidden\\">Support links</h2>
        <ul class=\\"nhsuk-footer__list\\">
          <li class=\\"nhsuk-footer__list-item\\"><a class=\\"nhsuk-footer__list-item-link\\" href=\\"/guide\\">Buyer's Guide</a></li>
          <li class=\\"nhsuk-footer__list-item\\"><a class=\\"nhsuk-footer__list-item-link\\" href=\\"/guide#contact-us\\">NHS Digital Helpdesk</a></li>
          <li class=\\"nhsuk-footer__list-item\\"><a class=\\"nhsuk-footer__list-item-link\\" href=\\"https://digital.nhs.uk/\\">NHS Digital</a></li>
          <li class=\\"nhsuk-footer__list-item\\"><a class=\\"nhsuk-footer__list-item-link\\" href=\\"https://digital.nhs.uk/services/future-gp-it-systems-and-services\\">About GP IT Futures</a></li>
          <li class=\\"nhsuk-footer__list-item\\"><a class=\\"nhsuk-footer__list-item-link\\" href=\\"https://gpitbjss.atlassian.net/wiki/spaces/DCSH/overview\\">Capabilities and Standards models</a></li>
        </ul>
        
        <p class=\\"nhsuk-footer__copyright\\">Â© Crown copyright</p>
      </div>
    </div>

    
      <ul data-test-id=\\"legal-panel\\" class=\\"bc-lh-r bc-body-r bc-list-none nhsuk-u-padding-0 nhsuk-u-padding-bottom-3 nhsuk-width-container\\">
        <li class=\\"bc-u-display-inline nhsuk-u-margin-0 nhsuk-u-margin-right-2\\">Legal</li>
        <li class=\\"bc-u-display-inline nhsuk-u-margin-0 nhsuk-u-margin-right-2\\"><a href=\\"/privacy-policy\\">Privacy policy and cookies</a></li>
        <li class=\\"bc-u-display-inline nhsuk-u-margin-0 nhsuk-u-margin-right-2\\"><a href=\\"https://buyingcatalogue.digital.nhs.uk/document/terms-of-use.pdf\\">Terms and Conditions</a></li>
      </ul>
    
  </footer>"
`;
